500 Error: expected ORM mapped attribute for loader strategy argument
Traceback (most recent call last):
  File "C:\esports\backend\venv\Lib\site-packages\sqlalchemy\orm\strategy_options.py", line 2376, in _parse_attr_argument
    insp: InspectionAttr = inspect(attr)  # type: ignore
                           ^^^^^^^^^^^^^
  File "C:\esports\backend\venv\Lib\site-packages\sqlalchemy\inspection.py", line 148, in inspect
    raise exc.NoInspectionAvailable(
sqlalchemy.exc.NoInspectionAvailable: No inspection system is available for object of type <class 'property'>

The above exception was the direct cause of the following exception:

Traceback (most recent call last):
  File "C:\esports\backend\venv\Lib\site-packages\starlette\middleware\errors.py", line 164, in __call__
    await self.app(scope, receive, _send)
  File "C:\esports\backend\venv\Lib\site-packages\starlette\middleware\cors.py", line 96, in __call__
    await self.simple_response(scope, receive, send, request_headers=headers)
  File "C:\esports\backend\venv\Lib\site-packages\starlette\middleware\cors.py", line 154, in simple_response
    await self.app(scope, receive, send)
  File "C:\esports\backend\venv\Lib\site-packages\starlette\middleware\exceptions.py", line 63, in __call__
    await wrap_app_handling_exceptions(self.app, conn)(scope, receive, send)
  File "C:\esports\backend\venv\Lib\site-packages\starlette\_exception_handler.py", line 53, in wrapped_app
    raise exc
  File "C:\esports\backend\venv\Lib\site-packages\starlette\_exception_handler.py", line 42, in wrapped_app
    await app(scope, receive, sender)
  File "C:\esports\backend\venv\Lib\site-packages\fastapi\middleware\asyncexitstack.py", line 18, in __call__
    await self.app(scope, receive, send)
  File "C:\esports\backend\venv\Lib\site-packages\starlette\routing.py", line 660, in __call__
    await self.middleware_stack(scope, receive, send)
  File "C:\esports\backend\venv\Lib\site-packages\fastapi\routing.py", line 2683, in app
    await route.handle(scope, receive, send)
  File "C:\esports\backend\venv\Lib\site-packages\fastapi\routing.py", line 1753, in handle
    await self.original_router.handle(scope, receive, send)
  File "C:\esports\backend\venv\Lib\site-packages\fastapi\routing.py", line 2738, in handle
    await included_router._handle_selected(scope, receive, send)
  File "C:\esports\backend\venv\Lib\site-packages\fastapi\routing.py", line 1773, in _handle_selected
    await original_route.handle(scope, receive, send)
  File "C:\esports\backend\venv\Lib\site-packages\fastapi\routing.py", line 1264, in handle
    await app(scope, receive, send)
  File "C:\esports\backend\venv\Lib\site-packages\fastapi\routing.py", line 150, in app
    await wrap_app_handling_exceptions(app, request)(scope, receive, send)
  File "C:\esports\backend\venv\Lib\site-packages\starlette\_exception_handler.py", line 53, in wrapped_app
    raise exc
  File "C:\esports\backend\venv\Lib\site-packages\starlette\_exception_handler.py", line 42, in wrapped_app
    await app(scope, receive, sender)
  File "C:\esports\backend\venv\Lib\site-packages\fastapi\routing.py", line 136, in app
    response = await f(request)
               ^^^^^^^^^^^^^^^^
  File "C:\esports\backend\venv\Lib\site-packages\fastapi\routing.py", line 473, in app
    solved_result = await solve_dependencies(
                    ^^^^^^^^^^^^^^^^^^^^^^^^^
  File "C:\esports\backend\venv\Lib\site-packages\fastapi\dependencies\utils.py", line 678, in solve_dependencies
    solved = await call(**solved_result.values)
             ^^^^^^^^^^^^^^^^^^^^^^^^^^^^^^^^^^
  File "C:\esports\backend\app\api\deps.py", line 69, in get_current_user_optional
    selectinload(User.owner_profile),
    ^^^^^^^^^^^^^^^^^^^^^^^^^^^^^^^^
  File "C:\esports\backend\venv\Lib\site-packages\sqlalchemy\orm\strategy_options.py", line 2465, in selectinload
    return _generate_from_keys(
           ^^^^^^^^^^^^^^^^^^^^
  File "C:\esports\backend\venv\Lib\site-packages\sqlalchemy\orm\strategy_options.py", line 2344, in _generate_from_keys
    _, lead_entity, _ = _parse_attr_argument(attr)
                        ^^^^^^^^^^^^^^^^^^^^^^^^^^
  File "C:\esports\backend\venv\Lib\site-packages\sqlalchemy\orm\strategy_options.py", line 2378, in _parse_attr_argument
    raise sa_exc.ArgumentError(
sqlalchemy.exc.ArgumentError: expected ORM mapped attribute for loader strategy argument
